600
ï¿½ets Jul 29 2019 12:21:46

rst:0x1 (POWERON_RESET),boot:0x13 (SPI_FAST_FLASH_BOOT)
configsip: 0, SPIWP:0xee
clk_drv:0x00,q_drv:0x00,d_drv:0x00,cs0_drv:0x00,hd_drv:0x00,wp_drv:0x00
mode:DIO, clock div:2
load:0x3fff0030,len:7080
load:0x40078000,len:15584
load:0x40080400,len:4
ho 8 tail 4 room 4
load:0x40080404,len:3876
entry 0x4008064c
[0;32mI (31) boot: ESP-IDF v5.1.1 2nd stage bootloader[0m
[0;32mI (31) boot: compile time Dec 23 2025 23:21:41[0m
[0;32mI (31) boot: Multicore bootloader[0m
[0;32mI (35) boot: chip revision: v3.1[0m
[0;32mI (39) boot.esp32: SPI Speed      : 40MHz[0m
[0;32mI (44) boot.esp32: SPI Mode       : DIO[0m
[0;32mI (48) boot.esp32: SPI Flash Size : 2MB[0m
[0;32mI (53) boot: Enabling RNG early entropy source...[0m
[0;32mI (58) boot: Partition Table:[0m
[0;32mI (62) boot: ## Label            Usage          Type ST Offset   Length[0m
[0;32mI (69) boot:  0 nvs              WiFi data        01 02 00009000 00006000[0m
[0;32mI (77) boot:  1 phy_init         RF data          01 01 0000f000 00001000[0m
[0;32mI (84) boot:  2 factory          factory app      00 00 00010000 00177000[0m
[0;32mI (92) boot: End of partition table[0m
[0;32mI (96) esp_image: segment 0: paddr=00010020 vaddr=3f400020 size=30970h (199024) map[0m
[0;32mI (176) esp_image: segment 1: paddr=00040998 vaddr=3ff80000 size=00004h (     4) load[0m
[0;32mI (176) esp_image: segment 2: paddr=000409a4 vaddr=3ffb0000 size=038f0h ( 14576) load[0m
[0;32mI (188) esp_image: segment 3: paddr=0004429c vaddr=40080000 size=0bd7ch ( 48508) load[0m
[0;32mI (211) esp_image: segment 4: paddr=00050020 vaddr=400d0020 size=b42ech (738028) map[0m
[0;32mI (477) esp_image: segment 5: paddr=00104314 vaddr=4008bd7c size=0c534h ( 50484) load[0m
[0;32mI (510) boot: Loaded app from partition at offset 0x10000[0m
[0;32mI (511) boot: Disabling RNG early entropy source...[0m
[0;32mI (522) cpu_start: Multicore app[0m
[0;32mI (522) cpu_start: Pro cpu up.[0m
[0;32mI (523) cpu_start: Starting app cpu, entry point is 0x4008156c[0m
[0;32mI (0) cpu_start: App cpu up.[0m
[0;32mI (540) cpu_start: Pro cpu start user code[0m
[0;32mI (540) cpu_start: cpu freq: 160000000 Hz[0m
[0;32mI (540) cpu_start: Application information:[0m
[0;32mI (545) cpu_start: Project name:     smarthome_iot[0m
[0;32mI (551) cpu_start: App version:      8379db9-dirty[0m
[0;32mI (556) cpu_start: Compile time:     Dec 25 2025 13:28:00[0m
[0;32mI (562) cpu_start: ELF file SHA256:  00f21e8ec0c76d40...[0m
[0;32mI (568) cpu_start: ESP-IDF:          v5.1.1[0m
[0;32mI (573) cpu_start: Min chip rev:     v0.0[0m
[0;32mI (578) cpu_start: Max chip rev:     v3.99 [0m
[0;32mI (583) cpu_start: Chip rev:         v3.1[0m
[0;32mI (587) heap_init: Initializing. RAM available for dynamic allocation:[0m
[0;32mI (595) heap_init: At 3FFAE6E0 len 00001920 (6 KiB): DRAM[0m
[0;32mI (601) heap_init: At 3FFB8FA8 len 00027058 (156 KiB): DRAM[0m
[0;32mI (607) heap_init: At 3FFE0440 len 00003AE0 (14 KiB): D/IRAM[0m
[0;32mI (613) heap_init: At 3FFE4350 len 0001BCB0 (111 KiB): D/IRAM[0m
[0;32mI (620) heap_init: At 400982B0 len 00007D50 (31 KiB): IRAM[0m
[0;32mI (627) spi_flash: detected chip: generic[0m
[0;32mI (630) spi_flash: flash io: dio[0m
[0;33mW (634) spi_flash: Detected size(4096k) larger than the size in the binary image header(2048k). Using the size in the binary image header.[0m
[0;32mI (648) app_start: Starting scheduler on CPU0[0m
[0;32mI (653) app_start: Starting scheduler on CPU1[0m
[0;32mI (653) main_task: Started on CPU0[0m
[0;32mI (663) main_task: Calling app_main()[0m
[0;32mI (663) APP_MAIN: [APP] Startup..[0m
[0;32mI (663) APP_MAIN: [APP] Free memory: 274856 bytes[0m
[0;32mI (673) APP_MAIN: [APP] IDF version: v5.1.1[0m
[0;32mI (723) gpio: GPIO[5]| InputEn: 0| OutputEn: 0| OpenDrain: 0| Pullup: 1| Pulldown: 0| Intr:0 [0m
[0;32mI (723) RFID: Initializing RC522...[0m
[0;32mI (723) gpio: GPIO[22]| InputEn: 0| OutputEn: 1| OpenDrain: 0| Pullup: 0| Pulldown: 0| Intr:0 [0m
[0;32mI (753) rc522: PCD (fw=unknown) initialized[0m
[0;32mI (753) RFID: RC522 READY.[0m
[0;32mI (953) wifi:wifi driver task: 3ffc60c8, prio:23, stack:6656, core=0[0m
[0;32mI (973) wifi:wifi firmware version: ce9244d[0m
[0;32mI (973) wifi:wifi certification version: v7.0[0m
[0;32mI (973) wifi:config NVS flash: enabled[0m
[0;32mI (973) wifi:config nano formating: disabled[0m
[0;32mI (983) wifi:Init data frame dynamic rx buffer num: 32[0m
[0;32mI (983) wifi:Init management frame dynamic rx buffer num: 32[0m
[0;32mI (993) wifi:Init management short buffer num: 32[0m
[0;32mI (993) wifi:Init dynamic tx buffer num: 32[0m
[0;32mI (1003) wifi:Init static rx buffer size: 1600[0m
[0;32mI (1003) wifi:Init static rx buffer num: 10[0m
[0;32mI (1013) wifi:Init dynamic rx buffer num: 32[0m
[0;32mI (1013) wifi_init: rx ba win: 6[0m
[0;32mI (1013) wifi_init: tcpip mbox: 32[0m
[0;32mI (1023) wifi_init: udp mbox: 6[0m
[0;32mI (1023) wifi_init: tcp mbox: 6[0m
[0;32mI (1023) wifi_init: tcp tx win: 5744[0m
[0;32mI (1053) wifi_init: tcp rx win: 5744[0m
[0;32mI (1053) wifi_init: tcp mss: 1440[0m
[0;32mI (1053) wifi_init: WiFi IRAM OP enabled[0m
[0;32mI (1063) wifi_init: WiFi RX IRAM OP enabled[0m
[0;32mI (1073) CONFIG_WIFI: Provisioned: false[0m
[0;32mI (1083) phy_init: phy_version 4670,719f9f6,Feb 18 2021,17:07:07[0m
[0;32mI (1193) wifi:mode : softAP (14:33:5c:52:d6:7d)[0m
[0;32mI (1193) wifi:Total power save buffer number: 16[0m
[0;32mI (1203) wifi:Init max length of beacon: 752/752[0m
[0;32mI (1203) wifi:Init max length of beacon: 752/752[0m
[0;32mI (1203) esp_netif_lwip: DHCP server started on interface WIFI_AP_DEF with IP: 192.168.4.1[0m
